Archive member included to satisfy reference by file (symbol)

c:/program files (x86)/atmel/studio/7.0/toolchain/arm/arm-gnu-toolchain/bin/../lib/gcc/arm-none-eabi/6.3.1/../../../../arm-none-eabi/lib/thumb/v7-m\libc.a(lib_a-exit.o)
                              c:/program files (x86)/atmel/studio/7.0/toolchain/arm/arm-gnu-toolchain/bin/../lib/gcc/arm-none-eabi/6.3.1/../../../../arm-none-eabi/lib/thumb/v7-m/crt0.o (exit)
c:/program files (x86)/atmel/studio/7.0/toolchain/arm/arm-gnu-toolchain/bin/../lib/gcc/arm-none-eabi/6.3.1/../../../../arm-none-eabi/lib/thumb/v7-m\libc.a(lib_a-impure.o)
                              c:/program files (x86)/atmel/studio/7.0/toolchain/arm/arm-gnu-toolchain/bin/../lib/gcc/arm-none-eabi/6.3.1/../../../../arm-none-eabi/lib/thumb/v7-m\libc.a(lib_a-exit.o) (_global_impure_ptr)
c:/program files (x86)/atmel/studio/7.0/toolchain/arm/arm-gnu-toolchain/bin/../lib/gcc/arm-none-eabi/6.3.1/../../../../arm-none-eabi/lib/thumb/v7-m\libc.a(lib_a-init.o)
                              c:/program files (x86)/atmel/studio/7.0/toolchain/arm/arm-gnu-toolchain/bin/../lib/gcc/arm-none-eabi/6.3.1/../../../../arm-none-eabi/lib/thumb/v7-m/crt0.o (__libc_init_array)
c:/program files (x86)/atmel/studio/7.0/toolchain/arm/arm-gnu-toolchain/bin/../lib/gcc/arm-none-eabi/6.3.1/../../../../arm-none-eabi/lib/thumb/v7-m\libc.a(lib_a-memset.o)
                              c:/program files (x86)/atmel/studio/7.0/toolchain/arm/arm-gnu-toolchain/bin/../lib/gcc/arm-none-eabi/6.3.1/../../../../arm-none-eabi/lib/thumb/v7-m/crt0.o (memset)
c:/program files (x86)/atmel/studio/7.0/toolchain/arm/arm-gnu-toolchain/bin/../lib/gcc/arm-none-eabi/6.3.1/../../../../arm-none-eabi/lib/thumb/v7-m\libc.a(lib_a-__call_atexit.o)
                              c:/program files (x86)/atmel/studio/7.0/toolchain/arm/arm-gnu-toolchain/bin/../lib/gcc/arm-none-eabi/6.3.1/../../../../arm-none-eabi/lib/thumb/v7-m\libc.a(lib_a-exit.o) (__call_exitprocs)
c:/program files (x86)/atmel/studio/7.0/toolchain/arm/arm-gnu-toolchain/bin/../lib/gcc/arm-none-eabi/6.3.1/../../../../arm-none-eabi/lib/thumb/v7-m\libc.a(lib_a-atexit.o)
                              c:/program files (x86)/atmel/studio/7.0/toolchain/arm/arm-gnu-toolchain/bin/../lib/gcc/arm-none-eabi/6.3.1/../../../../arm-none-eabi/lib/thumb/v7-m\libc.a(lib_a-__call_atexit.o) (atexit)
c:/program files (x86)/atmel/studio/7.0/toolchain/arm/arm-gnu-toolchain/bin/../lib/gcc/arm-none-eabi/6.3.1/../../../../arm-none-eabi/lib/thumb/v7-m\libc.a(lib_a-fini.o)
                              c:/program files (x86)/atmel/studio/7.0/toolchain/arm/arm-gnu-toolchain/bin/../lib/gcc/arm-none-eabi/6.3.1/../../../../arm-none-eabi/lib/thumb/v7-m\libc.a(lib_a-__call_atexit.o) (__libc_fini_array)
c:/program files (x86)/atmel/studio/7.0/toolchain/arm/arm-gnu-toolchain/bin/../lib/gcc/arm-none-eabi/6.3.1/../../../../arm-none-eabi/lib/thumb/v7-m\libc.a(lib_a-lock.o)
                              c:/program files (x86)/atmel/studio/7.0/toolchain/arm/arm-gnu-toolchain/bin/../lib/gcc/arm-none-eabi/6.3.1/../../../../arm-none-eabi/lib/thumb/v7-m\libc.a(lib_a-__call_atexit.o) (__retarget_lock_acquire_recursive)
c:/program files (x86)/atmel/studio/7.0/toolchain/arm/arm-gnu-toolchain/bin/../lib/gcc/arm-none-eabi/6.3.1/../../../../arm-none-eabi/lib/thumb/v7-m\libc.a(lib_a-__atexit.o)
                              c:/program files (x86)/atmel/studio/7.0/toolchain/arm/arm-gnu-toolchain/bin/../lib/gcc/arm-none-eabi/6.3.1/../../../../arm-none-eabi/lib/thumb/v7-m\libc.a(lib_a-atexit.o) (__register_exitproc)

Allocating common symbols
Common symbol       size              file

__lock___atexit_recursive_mutex
                    0x1               c:/program files (x86)/atmel/studio/7.0/toolchain/arm/arm-gnu-toolchain/bin/../lib/gcc/arm-none-eabi/6.3.1/../../../../arm-none-eabi/lib/thumb/v7-m\libc.a(lib_a-lock.o)
__lock___arc4random_mutex
                    0x1               c:/program files (x86)/atmel/studio/7.0/toolchain/arm/arm-gnu-toolchain/bin/../lib/gcc/arm-none-eabi/6.3.1/../../../../arm-none-eabi/lib/thumb/v7-m\libc.a(lib_a-lock.o)
__lock___env_recursive_mutex
                    0x1               c:/program files (x86)/atmel/studio/7.0/toolchain/arm/arm-gnu-toolchain/bin/../lib/gcc/arm-none-eabi/6.3.1/../../../../arm-none-eabi/lib/thumb/v7-m\libc.a(lib_a-lock.o)
__lock___sinit_recursive_mutex
                    0x1               c:/program files (x86)/atmel/studio/7.0/toolchain/arm/arm-gnu-toolchain/bin/../lib/gcc/arm-none-eabi/6.3.1/../../../../arm-none-eabi/lib/thumb/v7-m\libc.a(lib_a-lock.o)
__lock___malloc_recursive_mutex
                    0x1               c:/program files (x86)/atmel/studio/7.0/toolchain/arm/arm-gnu-toolchain/bin/../lib/gcc/arm-none-eabi/6.3.1/../../../../arm-none-eabi/lib/thumb/v7-m\libc.a(lib_a-lock.o)
__lock___at_quick_exit_mutex
[...]
Memory Configuration

Name             Origin             Length             Attributes
rom              0x00080000         0x00080000         xr
sram0            0x20000000         0x00010000         xrw
sram1            0x20080000         0x00008000         xrw
ram              0x20070000         0x00018000         xrw
*default*        0x00000000         0xffffffff

Linker script and memory map

LOAD c:/program files (x86)/atmel/studio/7.0/toolchain/arm/arm-gnu-toolchain/bin/../lib/gcc/arm-none-eabi/6.3.1/thumb/v7-m/crti.o
LOAD c:/program files (x86)/atmel/studio/7.0/toolchain/arm/arm-gnu-toolchain/bin/../lib/gcc/arm-none-eabi/6.3.1/thumb/v7-m/crtbegin.o
LOAD c:/program files (x86)/atmel/studio/7.0/toolchain/arm/arm-gnu-toolchain/bin/../lib/gcc/arm-none-eabi/6.3.1/../../../../arm-none-eabi/lib/thumb/v7-m/crt0.o
LOAD src/ASF/common/services/delay/sam/cycle_counter.o
LOAD src/ASF/common/services/clock/sam3x/sysclk.o
LOAD src/ASF/sam/drivers/pmc/pmc.o
LOAD src/ASF/sam/drivers/pmc/sleep.o
LOAD src/ASF/common/boards/user_board/init.o
LOAD src/ASF/common/utils/interrupt/interrupt_sam_nvic.o
LOAD src/ASF/sam/utils/cmsis/sam3x/source/templates/exceptions.o
LOAD src/ASF/sam/utils/cmsis/sam3x/source/templates/gcc/startup_sam3x.o
LOAD src/ASF/sam/utils/cmsis/sam3x/source/templates/system_sam3x.o
LOAD src/ASF/sam/utils/syscalls/gcc/syscalls.o
LOAD src/main.o
START GROUP
LOAD ../src/ASF/thirdparty/CMSIS/Lib/GCC\libarm_cortexM3l_math.a
LOAD c:/program files (x86)/atmel/studio/7.0/toolchain/arm/arm-gnu-toolchain/bin/../lib/gcc/arm-none-eabi/6.3.1/../../../../arm-none-eabi/lib/thumb/v7-m\libm.a
END GROUP
START GROUP
LOAD c:/program files (x86)/atmel/studio/7.0/toolchain/arm/arm-gnu-toolchain/bin/../lib/gcc/arm-none-eabi/6.3.1/thumb/v7-m\libgcc.a
LOAD c:/program files (x86)/atmel/studio/7.0/toolchain/arm/arm-gnu-toolchain/bin/../lib/gcc/arm-none-eabi/6.3.1/../../../../arm-none-eabi/lib/thumb/v7-m\libc.a
END GROUP
LOAD c:/program files (x86)/atmel/studio/7.0/toolchain/arm/arm-gnu-toolchain/bin/../lib/gcc/arm-none-eabi/6.3.1/thumb/v7-m/crtend.o
LOAD c:/program files (x86)/atmel/studio/7.0/toolchain/arm/arm-gnu-toolchain/bin/../lib/gcc/arm-none-eabi/6.3.1/thumb/v7-m/crtn.o
                0x00002000                __stack_size__ = DEFINED (__stack_size__)?__stack_size__:0x2000
                0x20087ffc                __ram_end__ = ((ORIGIN (ram) + LENGTH (ram)) - 0x4)

.text           0x00080000      0x684
                0x00080000                . = ALIGN (0x4)
                0x00080000                _sfixed = .
 *(.vectors .vectors.*)
 .vectors       0x00080000       0xf4 src/ASF/sam/utils/cmsis/sam3x/source/templates/gcc/startup_sam3x.o
                0x00080000                exception_table
 *(.text .text.* .gnu.linkonce.t.*)
 .text          0x000800f4       0x6c c:/program files (x86)/atmel/studio/7.0/toolchain/arm/arm-gnu-toolchain/bin/../lib/gcc/arm-none-eabi/6.3.1/thumb/v7-m/crtbegin.o
 .text.sysclk_init
                0x00080160       0x64 src/ASF/common/services/clock/sam3x/sysclk.o
                0x00080160                sysclk_init
 .text.pmc_switch_mck_to_pllack
                0x000801c4       0x64 src/ASF/sam/drivers/pmc/pmc.o
                0x000801c4                pmc_switch_mck_to_pllack
 .text.pmc_switch_mainck_to_xtal
                0x00080228       0x54 src/ASF/sam/drivers/pmc/pmc.o
                0x00080228                pmc_switch_mainck_to_xtal
 .text.pmc_osc_is_ready_mainck
                0x0008027c       0x10 src/ASF/sam/drivers/pmc/pmc.o
                0x0008027c                pmc_osc_is_ready_mainck
 .text.pmc_disable_pllack
                0x0008028c       0x10 src/ASF/sam/drivers/pmc/pmc.o
                0x0008028c                pmc_disable_pllack
 .text.pmc_is_locked_pllack
                0x0008029c       0x10 src/ASF/sam/drivers/pmc/pmc.o
                0x0008029c                pmc_is_locked_pllack
 .text.pmc_enable_periph_clk
                0x000802ac       0x20 src/ASF/sam/drivers/pmc/pmc.o
                0x000802ac                pmc_enable_periph_clk
 .text.board_init
                0x000802cc        0x2 src/ASF/common/boards/user_board/init.o
                0x000802cc                board_init
 .text.Dummy_Handler
                0x000802ce        0x2 src/ASF/sam/utils/cmsis/sam3x/source/templates/exceptions.o
                0x000802ce                DACC_Handler
                0x000802ce                DebugMon_Handler
                0x000802ce                DMAC_Handler
                0x000802ce                TRNG_Handler
                0x000802ce                HardFault_Handler
                0x000802ce                TC2_Handler
                0x000802ce                SysTick_Handler
                0x000802ce                USART3_Handler
                0x000802ce                TWI1_Handler
                0x000802ce                PendSV_Handler
                0x000802ce                NMI_Handler
                0x000802ce                TC7_Handler
                0x000802ce                ADC_Handler
                0x000802ce                SMC_Handler
                0x000802ce                USART0_Handler
                0x000802ce                RTT_Handler
                0x000802ce                EFC1_Handler
                0x000802ce                PIOB_Handler
                0x000802ce                RTC_Handler
                0x000802ce                UsageFault_Handler
                0x000802ce                TC6_Handler
                0x000802ce                WDT_Handler
                0x000802ce                CAN0_Handler
                0x000802ce                TC4_Handler
                0x000802ce                TC1_Handler
                0x000802ce                HSMCI_Handler
                0x000802ce                TC3_Handler
                0x000802ce                Dummy_Handler
                0x000802ce                TWI0_Handler
                0x000802ce                USART1_Handler
                0x000802ce                PIOA_Handler
                0x000802ce                SSC_Handler
                0x000802ce                EFC0_Handler
                0x000802ce                PMC_Handler
                0x000802ce                PWM_Handler
                0x000802ce                CAN1_Handler
                0x000802ce                MemManage_Handler
                0x000802ce                SUPC_Handler
                0x000802ce                SVC_Handler
                0x000802ce                TC8_Handler
                0x000802ce                USART2_Handler
                0x000802ce                PIOD_Handler
                0x000802ce                EMAC_Handler
                0x000802ce                UART_Handler
                0x000802ce                PIOC_Handler
                0x000802ce                BusFault_Handler
                0x000802ce                RSTC_Handler
                0x000802ce                TC0_Handler
                0x000802ce                TC5_Handler
                0x000802ce                UOTGHS_Handler
                0x000802ce                SPI0_Handler
 .text.Reset_Handler
                0x000802d0       0x98 src/ASF/sam/utils/cmsis/sam3x/source/templates/gcc/startup_sam3x.o
                0x000802d0                Reset_Handler
 .text.SystemCoreClockUpdate
                0x00080368      0x118 src/ASF/sam/utils/cmsis/sam3x/source/templates/system_sam3x.o
                0x00080368                SystemCoreClockUpdate
 .text.main     0x00080480       0x6c src/main.o
                0x00080480                main
 .text.__libc_init_array
                0x000804ec       0x50 c:/program files (x86)/atmel/studio/7.0/toolchain/arm/arm-gnu-toolchain/bin/../lib/gcc/arm-none-eabi/6.3.1/../../../../arm-none-eabi/lib/thumb/v7-m\libc.a(lib_a-init.o)
                0x000804ec                __libc_init_array
 .text.startup.register_fini
                0x0008053c       0x14 c:/program files (x86)/atmel/studio/7.0/toolchain/arm/arm-gnu-toolchain/bin/../lib/gcc/arm-none-eabi/6.3.1/../../../../arm-none-eabi/lib/thumb/v7-m\libc.a(lib_a-__call_atexit.o)
 .text.atexit   0x00080550        0xc c:/program files (x86)/atmel/studio/7.0/toolchain/arm/arm-gnu-toolchain/bin/../lib/gcc/arm-none-eabi/6.3.1/../../../../arm-none-eabi/lib/thumb/v7-m\libc.a(lib_a-atexit.o)
                0x00080550                atexit
 .text.__libc_fini_array
                0x0008055c       0x34 c:/program files (x86)/atmel/studio/7.0/toolchain/arm/arm-gnu-toolchain/bin/../lib/gcc/arm-none-eabi/6.3.1/../../../../arm-none-eabi/lib/thumb/v7-m\libc.a(lib_a-fini.o)
                0x0008055c                __libc_fini_array
 .text.__retarget_lock_acquire_recursive
                0x00080590        0x4 c:/program files (x86)/atmel/studio/7.0/toolchain/arm/arm-gnu-toolchain/bin/../lib/gcc/arm-none-eabi/6.3.1/../../../../arm-none-eabi/lib/thumb/v7-m\libc.a(lib_a-lock.o)
                0x00080590                __retarget_lock_acquire_recursive
 .text.__retarget_lock_release_recursive
                0x00080594        0x4 c:/program files (x86)/atmel/studio/7.0/toolchain/arm/arm-gnu-toolchain/bin/../lib/gcc/arm-none-eabi/6.3.1/../../../../arm-none-eabi/lib/thumb/v7-m\libc.a(lib_a-lock.o)
                0x00080594                __retarget_lock_release_recursive
 .text.__register_exitproc
                0x00080598       0xc4 c:/program files (x86)/atmel/studio/7.0/toolchain/arm/arm-gnu-toolchain/bin/../lib/gcc/arm-none-eabi/6.3.1/../../../../arm-none-eabi/lib/thumb/v7-m\libc.a(lib_a-__atexit.o)
                0x00080598                __register_exitproc
 *(.glue_7t)
 .glue_7t       0x0008065c        0x0 linker stubs
 *(.glue_7)
 .glue_7        0x0008065c        0x0 linker stubs
 *(.rodata .rodata* .gnu.linkonce.r.*)
 .rodata._global_impure_ptr
                0x0008065c        0x4 c:/program files (x86)/atmel/studio/7.0/toolchain/arm/arm-gnu-toolchain/bin/../lib/gcc/arm-none-eabi/6.3.1/../../../../arm-none-eabi/lib/thumb/v7-m\libc.a(lib_a-impure.o)
                0x0008065c                _global_impure_ptr
 *(.ARM.extab* .gnu.linkonce.armextab.*)
                0x00080660                . = ALIGN (0x4)
 *(.init)
 .init          0x00080660        0x4 c:/program files (x86)/atmel/studio/7.0/toolchain/arm/arm-gnu-toolchain/bin/../lib/gcc/arm-none-eabi/6.3.1/thumb/v7-m/crti.o
                0x00080660                _init
 .init          0x00080664        0x8 c:/program files (x86)/atmel/studio/7.0/toolchain/arm/arm-gnu-toolchain/bin/../lib/gcc/arm-none-eabi/6.3.1/thumb/v7-m/crtn.o
                0x0008066c                . = ALIGN (0x4)
                0x0008066c                __preinit_array_start = .
 *(.preinit_array)
                0x0008066c                __preinit_array_end = .
                0x0008066c                . = ALIGN (0x4)
                0x0008066c                __init_array_start = .
 *(SORT(.init_array.*))
 .init_array.00000
                0x0008066c        0x4 c:/program files (x86)/atmel/studio/7.0/toolchain/arm/arm-gnu-toolchain/bin/../lib/gcc/arm-none-eabi/6.3.1/../../../../arm-none-eabi/lib/thumb/v7-m\libc.a(lib_a-__call_atexit.o)
 *(.init_array)
 .init_array    0x00080670        0x4 c:/program files (x86)/atmel/studio/7.0/toolchain/arm/arm-gnu-toolchain/bin/../lib/gcc/arm-none-eabi/6.3.1/thumb/v7-m/crtbegin.o
                0x00080674                __init_array_end = .
                0x00080674                . = ALIGN (0x4)
 *crtbegin.o(.ctors)
 *(EXCLUDE_FILE(*crtend.o) .ctors)
 *(SORT(.ctors.*))
 *crtend.o(.ctors)
                0x00080674                . = ALIGN (0x4)
 *(.fini)
 .fini          0x00080674        0x4 c:/program files (x86)/atmel/studio/7.0/toolchain/arm/arm-gnu-toolchain/bin/../lib/gcc/arm-none-eabi/6.3.1/thumb/v7-m/crti.o
                0x00080674                _fini
 .fini          0x00080678        0x8 c:/program files (x86)/atmel/studio/7.0/toolchain/arm/arm-gnu-toolchain/bin/../lib/gcc/arm-none-eabi/6.3.1/thumb/v7-m/crtn.o
                0x00080680                . = ALIGN (0x4)
                0x00080680                __fini_array_start = .
 *(.fini_array)
 .fini_array    0x00080680        0x4 c:/program files (x86)/atmel/studio/7.0/toolchain/arm/arm-gnu-toolchain/bin/../lib/gcc/arm-none-eabi/6.3.1/thumb/v7-m/crtbegin.o
 *(SORT(.fini_array.*))
                0x00080684                __fini_array_end = .
 *crtbegin.o(.dtors)
 *(EXCLUDE_FILE(*crtend.o) .dtors)
 *(SORT(.dtors.*))
 *crtend.o(.dtors)
                0x00080684                . = ALIGN (0x4)
                0x00080684                _efixed = .
                [!provide]                PROVIDE (__exidx_start, .)

.vfp11_veneer   0x00080684        0x0
 .vfp11_veneer  0x00080684        0x0 linker stubs

.v4_bx          0x00080684        0x0
 .v4_bx         0x00080684        0x0 linker stubs

.iplt           0x00080684        0x0
 .iplt          0x00080684        0x0 c:/program files (x86)/atmel/studio/7.0/toolchain/arm/arm-gnu-toolchain/bin/../lib/gcc/arm-none-eabi/6.3.1/thumb/v7-m/crtbegin.o

.eh_frame       0x00080684        0x0
 .eh_frame      0x00080684        0x0 c:/program files (x86)/atmel/studio/7.0/toolchain/arm/arm-gnu-toolchain/bin/../lib/gcc/arm-none-eabi/6.3.1/thumb/v7-m/crtbegin.o

.rel.dyn        0x00080684        0x0
 .rel.iplt      0x00080684        0x0 c:/program files (x86)/atmel/studio/7.0/toolchain/arm/arm-gnu-toolchain/bin/../lib/gcc/arm-none-eabi/6.3.1/thumb/v7-m/crtbegin.o

.jcr            0x00080684        0x0
 .jcr           0x00080684        0x0 c:/program files (x86)/atmel/studio/7.0/toolchain/arm/arm-gnu-toolchain/bin/../lib/gcc/arm-none-eabi/6.3.1/thumb/v7-m/crtbegin.o

.igot.plt       0x00080684        0x0
 .igot.plt      0x00080684        0x0 c:/program files (x86)/atmel/studio/7.0/toolchain/arm/arm-gnu-toolchain/bin/../lib/gcc/arm-none-eabi/6.3.1/thumb/v7-m/crtbegin.o

.ARM.exidx
 *(.ARM.exidx* .gnu.linkonce.armexidx.*)
                [!provide]                PROVIDE (__exidx_end, .)
                0x00080684                . = ALIGN (0x4)
                0x00080684                _etext = .

.relocate       0x20070000      0x56c load address 0x00080684
                0x20070000                . = ALIGN (0x4)
                0x20070000                _srelocate = .
 *(.ramfunc .ramfunc.*)
 .ramfunc       0x20070000        0xa src/ASF/common/services/delay/sam/cycle_counter.o
                0x20070000                portable_delay_cycles
 *fill*         0x2007000a        0x2 
 .ramfunc       0x2007000c      0x12c src/ASF/sam/utils/cmsis/sam3x/source/templates/system_sam3x.o
                0x2007000c                SystemInit
                0x200700b0                system_init_flash
 *(.data .data.*)
 .data.SystemCoreClock
                0x20070138        0x4 src/ASF/sam/utils/cmsis/sam3x/source/templates/system_sam3x.o
                0x20070138                SystemCoreClock
 *fill*         0x2007013c        0x4 
 .data.impure_data
                0x20070140      0x428 c:/program files (x86)/atmel/studio/7.0/toolchain/arm/arm-gnu-toolchain/bin/../lib/gcc/arm-none-eabi/6.3.1/../../../../arm-none-eabi/lib/thumb/v7-m\libc.a(lib_a-impure.o)
 .data.__atexit_recursive_mutex
                0x20070568        0x4 c:/program files (x86)/atmel/studio/7.0/toolchain/arm/arm-gnu-toolchain/bin/../lib/gcc/arm-none-eabi/6.3.1/../../../../arm-none-eabi/lib/thumb/v7-m\libc.a(lib_a-__call_atexit.o)
                0x20070568                __atexit_recursive_mutex
                0x2007056c                . = ALIGN (0x4)
                0x2007056c                _erelocate = .

.bss            0x2007056c       0x40 load address 0x00080bf0
                0x2007056c                . = ALIGN (0x4)
                0x2007056c                _sbss = .
                0x2007056c                _szero = .
 *(.bss .bss.*)
 .bss           0x2007056c       0x1c c:/program files (x86)/atmel/studio/7.0/toolchain/arm/arm-gnu-toolchain/bin/../lib/gcc/arm-none-eabi/6.3.1/thumb/v7-m/crtbegin.o
 *(COMMON)
 COMMON         0x20070588       0x21 c:/program files (x86)/atmel/studio/7.0/toolchain/arm/arm-gnu-toolchain/bin/../lib/gcc/arm-none-eabi/6.3.1/../../../../arm-none-eabi/lib/thumb/v7-m\libc.a(lib_a-lock.o)
                0x20070588                __lock___atexit_recursive_mutex
                0x2007058c                __lock___arc4random_mutex
                0x20070590                __lock___env_recursive_mutex
                0x20070594                __lock___sinit_recursive_mutex
                0x20070598                __lock___malloc_recursive_mutex
                0x2007059c                __lock___at_quick_exit_mutex
                0x200705a0                __lock___dd_hash_mutex
                0x200705a4                __lock___tz_mutex
                0x200705a8                __lock___sfp_recursive_mutex
                0x200705ac                . = ALIGN (0x4)
 *fill*         0x200705a9        0x3 
                0x200705ac                _ebss = .
                0x200705ac                _ezero = .

.stack          0x200705ac     0x2004 load address 0x00080c30
                0x200705b0                . = ALIGN (0x8)
 *fill*         0x200705ac        0x4 
                0x200705b0                _sstack = .
                0x200725b0                . = (. + __stack_size__)
 *fill*         0x200705b0     0x2000 
                0x200725b0                . = ALIGN (0x8)
                0x200725b0                _estack = .
                0x200725b0                . = ALIGN (0x4)
                0x200725b0                _end = .
OUTPUT(user_board_led_blink.elf elf32-littlearm)

.ARM.attributes
                0x00000000       0x29
 .ARM.attributes
                0x00000000       0x1d c:/program files (x86)/atmel/studio/7.0/toolchain/arm/arm-gnu-toolchain/bin/../lib/gcc/arm-none-eabi/6.3.1/thumb/v7-m/crti.o
 .ARM.attributes
                0x0000001d       0x2d c:/program files (x86)/atmel/studio/7.0/toolchain/arm/arm-gnu-toolchain/bin/../lib/gcc/arm-none-eabi/6.3.1/thumb/v7-m/crtbegin.o
 .ARM.attributes
                0x0000004a       0x33 src/ASF/common/services/delay/sam/cycle_counter.o
 .ARM.attributes
                0x0000007d       0x33 src/ASF/common/services/clock/sam3x/sysclk.o
 .ARM.attributes
                0x000000b0       0x33 src/ASF/sam/drivers/pmc/pmc.o
 .ARM.attributes
                0x000000e3       0x33 src/ASF/common/boards/user_board/init.o
 .ARM.attributes
                0x00000116       0x33 src/ASF/sam/utils/cmsis/sam3x/source/templates/exceptions.o
 .ARM.attributes
                0x00000149       0x33 src/ASF/sam/utils/cmsis/sam3x/source/templates/gcc/startup_sam3x.o
 .ARM.attributes
                0x0000017c       0x33 src/ASF/sam/utils/cmsis/sam3x/source/templates/system_sam3x.o
 .ARM.attributes
                0x000001af       0x33 src/main.o
 .ARM.attributes
                0x000001e2       0x2d c:/program files (x86)/atmel/studio/7.0/toolchain/arm/arm-gnu-toolchain/bin/../lib/gcc/arm-none-eabi/6.3.1/../../../../arm-none-eabi/lib/thumb/v7-m\libc.a(lib_a-impure.o)
 .ARM.attributes
                0x0000020f       0x2d c:/program files (x86)/atmel/studio/7.0/toolchain/arm/arm-gnu-toolchain/bin/../lib/gcc/arm-none-eabi/6.3.1/../../../../arm-none-eabi/lib/thumb/v7-m\libc.a(lib_a-init.o)
 .ARM.attributes
                0x0000023c       0x2d c:/program files (x86)/atmel/studio/7.0/toolchain/arm/arm-gnu-toolchain/bin/../lib/gcc/arm-none-eabi/6.3.1/../../../../arm-none-eabi/lib/thumb/v7-m\libc.a(lib_a-__call_atexit.o)
 .ARM.attributes
                0x00000269       0x2d c:/program files (x86)/atmel/studio/7.0/toolchain/arm/arm-gnu-toolchain/bin/../lib/gcc/arm-none-eabi/6.3.1/../../../../arm-none-eabi/lib/thumb/v7-m\libc.a(lib_a-atexit.o)
 .ARM.attributes
                0x00000296       0x2d c:/program files (x86)/atmel/studio/7.0/toolchain/arm/arm-gnu-toolchain/bin/../lib/gcc/arm-none-eabi/6.3.1/../../../../arm-none-eabi/lib/thumb/v7-m\libc.a(lib_a-fini.o)
 .ARM.attributes
                0x000002c3       0x2d c:/program files (x86)/atmel/studio/7.0/toolchain/arm/arm-gnu-toolchain/bin/../lib/gcc/arm-none-eabi/6.3.1/../../../../arm-none-eabi/lib/thumb/v7-m\libc.a(lib_a-lock.o)
 .ARM.attributes
                0x000002f0       0x2d c:/program files (x86)/atmel/studio/7.0/toolchain/arm/arm-gnu-toolchain/bin/../lib/gcc/arm-none-eabi/6.3.1/../../../../arm-none-eabi/lib/thumb/v7-m\libc.a(lib_a-__atexit.o)
 .ARM.attributes
                0x0000031d       0x1d c:/program files (x86)/atmel/studio/7.0/toolchain/arm/arm-gnu-toolchain/bin/../lib/gcc/arm-none-eabi/6.3.1/thumb/v7-m/crtn.o

.comment        0x00000000       0x59
 .comment       0x00000000       0x59 src/ASF/common/services/delay/sam/cycle_counter.o
                                 0x5a (size before relaxing)
 .comment       0x00000059       0x5a src/ASF/common/services/clock/sam3x/sysclk.o
 .comment       0x00000059       0x5a src/ASF/sam/drivers/pmc/pmc.o
 .comment       0x00000059       0x5a src/ASF/common/boards/user_board/init.o
 .comment       0x00000059       0x5a src/ASF/sam/utils/cmsis/sam3x/source/templates/exceptions.o
 .comment       0x00000059       0x5a src/ASF/sam/utils/cmsis/sam3x/source/templates/gcc/startup_sam3x.o
 .comment       0x00000059       0x5a src/ASF/sam/utils/cmsis/sam3x/source/templates/system_sam3x.o
 .comment       0x00000059       0x5a src/main.o

.debug_info     0x00000000     0x781e
 .debug_info    0x00000000      0xa45 src/ASF/common/services/delay/sam/cycle_counter.o
 .debug_info    0x00000a45     0x11ad src/ASF/common/services/clock/sam3x/sysclk.o
 .debug_info    0x00001bf2     0x19eb src/ASF/sam/drivers/pmc/pmc.o
 .debug_info    0x000035dd      0xa39 src/ASF/common/boards/user_board/init.o
 .debug_info    0x00004016      0xa39 src/ASF/sam/utils/cmsis/sam3x/source/templates/exceptions.o
 .debug_info    0x00004a4f      0xd1b src/ASF/sam/utils/cmsis/sam3x/source/templates/gcc/startup_sam3x.o
 .debug_info    0x0000576a      0xdc2 src/ASF/sam/utils/cmsis/sam3x/source/templates/system_sam3x.o
 .debug_info    0x0000652c     0x12f2 src/main.o

.debug_abbrev   0x00000000     0x1269
 .debug_abbrev  0x00000000      0x1b3 src/ASF/common/services/delay/sam/cycle_counter.o
 .debug_abbrev  0x000001b3      0x330 src/ASF/common/services/clock/sam3x/sysclk.o
 .debug_abbrev  0x000004e3      0x335 src/ASF/sam/drivers/pmc/pmc.o
 .debug_abbrev  0x00000818      0x1a4 src/ASF/common/boards/user_board/init.o
 .debug_abbrev  0x000009bc      0x1a4 src/ASF/sam/utils/cmsis/sam3x/source/templates/exceptions.o
 .debug_abbrev  0x00000b60      0x1f2 src/ASF/sam/utils/cmsis/sam3x/source/templates/gcc/startup_sam3x.o
 .debug_abbrev  0x00000d52      0x1f4 src/ASF/sam/utils/cmsis/sam3x/source/templates/system_sam3x.o
 .debug_abbrev  0x00000f46      0x323 src/main.o

.debug_aranges  0x00000000      0x310
 .debug_aranges
                0x00000000       0x20 src/ASF/common/services/delay/sam/cycle_counter.o
 .debug_aranges
                0x00000020       0x40 src/ASF/common/services/clock/sam3x/sysclk.o
 .debug_aranges
                0x00000060      0x200 src/ASF/sam/drivers/pmc/pmc.o
 .debug_aranges
                0x00000260       0x20 src/ASF/common/boards/user_board/init.o
 .debug_aranges
                0x00000280       0x20 src/ASF/sam/utils/cmsis/sam3x/source/templates/exceptions.o
 .debug_aranges
                0x000002a0       0x20 src/ASF/sam/utils/cmsis/sam3x/source/templates/gcc/startup_sam3x.o
 .debug_aranges
                0x000002c0       0x30 src/ASF/sam/utils/cmsis/sam3x/source/templates/system_sam3x.o
 .debug_aranges
                0x000002f0       0x20 src/main.o

.debug_ranges   0x00000000      0x2a8
 .debug_ranges  0x00000000       0x10 src/ASF/common/services/delay/sam/cycle_counter.o
 .debug_ranges  0x00000010       0x30 src/ASF/common/services/clock/sam3x/sysclk.o
 .debug_ranges  0x00000040      0x1f0 src/ASF/sam/drivers/pmc/pmc.o
 .debug_ranges  0x00000230       0x10 src/ASF/common/boards/user_board/init.o
 .debug_ranges  0x00000240       0x10 src/ASF/sam/utils/cmsis/sam3x/source/templates/exceptions.o
 .debug_ranges  0x00000250       0x10 src/ASF/sam/utils/cmsis/sam3x/source/templates/gcc/startup_sam3x.o
 .debug_ranges  0x00000260       0x20 src/ASF/sam/utils/cmsis/sam3x/source/templates/system_sam3x.o
 .debug_ranges  0x00000280       0x28 src/main.o

.debug_macro    0x00000000    0x14de3
 .debug_macro   0x00000000      0x57d src/ASF/common/services/delay/sam/cycle_counter.o
 .debug_macro   0x0000057d      0x8c8 src/ASF/common/services/delay/sam/cycle_counter.o
 .debug_macro   0x00000e45      0x16d src/ASF/common/services/delay/sam/cycle_counter.o
 .debug_macro   0x00000fb2      0x708 src/ASF/common/services/delay/sam/cycle_counter.o
 .debug_macro   0x000016ba       0x76 src/ASF/common/services/delay/sam/cycle_counter.o
 .debug_macro   0x00001730       0x16 src/ASF/common/services/delay/sam/cycle_counter.o
 .debug_macro   0x00001746      0x6da src/ASF/common/services/delay/sam/cycle_counter.o
 .debug_macro   0x00001e20       0x22 src/ASF/common/services/delay/sam/cycle_counter.o
 .debug_macro   0x00001e42       0x87 src/ASF/common/services/delay/sam/cycle_counter.o
 .debug_macro   0x00001ec9       0x51 src/ASF/common/services/delay/sam/cycle_counter.o
 .debug_macro   0x00001f1a       0xef src/ASF/common/services/delay/sam/cycle_counter.o
 .debug_macro   0x00002009       0x6a src/ASF/common/services/delay/sam/cycle_counter.o
 .debug_macro   0x00002073      0x1df src/ASF/common/services/delay/sam/cycle_counter.o
 .debug_macro   0x00002252       0x20 src/ASF/common/services/delay/sam/cycle_counter.o
 .debug_macro   0x00002272       0x1c src/ASF/common/services/delay/sam/cycle_counter.o
 .debug_macro   0x0000228e       0x22 src/ASF/common/services/delay/sam/cycle_counter.o
 .debug_macro   0x000022b0       0xc3 src/ASF/common/services/delay/sam/cycle_counter.o
 .debug_macro   0x00002373      0xe49 src/ASF/common/services/delay/sam/cycle_counter.o
 .debug_macro   0x000031bc      0x11f src/ASF/common/services/delay/sam/cycle_counter.o
 .debug_macro   0x000032db      0xaac src/ASF/common/services/delay/sam/cycle_counter.o
 .debug_macro   0x00003d87      0x55f src/ASF/common/services/delay/sam/cycle_counter.o
 .debug_macro   0x000042e6      0x2ab src/ASF/common/services/delay/sam/cycle_counter.o
 .debug_macro   0x00004591      0x310 src/ASF/common/services/delay/sam/cycle_counter.o
 .debug_macro   0x000048a1      0x746 src/ASF/common/services/delay/sam/cycle_counter.o
 .debug_macro   0x00004fe7       0x82 src/ASF/common/services/delay/sam/cycle_counter.o
 .debug_macro   0x00005069      0x571 src/ASF/common/services/delay/sam/cycle_counter.o
 .debug_macro   0x000055da       0x1c src/ASF/common/services/delay/sam/cycle_counter.o
 .debug_macro   0x000055f6      0x6ae src/ASF/common/services/delay/sam/cycle_counter.o
 .debug_macro   0x00005ca4      0x523 src/ASF/common/services/delay/sam/cycle_counter.o
 .debug_macro   0x000061c7       0xbe src/ASF/common/services/delay/sam/cycle_counter.o
 .debug_macro   0x00006285     0x2338 src/ASF/common/services/delay/sam/cycle_counter.o
 .debug_macro   0x000085bd      0x853 src/ASF/common/services/delay/sam/cycle_counter.o
 .debug_macro   0x00008e10      0xdbf src/ASF/common/services/delay/sam/cycle_counter.o
 .debug_macro   0x00009bcf       0x7c src/ASF/common/services/delay/sam/cycle_counter.o
 .debug_macro   0x00009c4b      0x25a src/ASF/common/services/delay/sam/cycle_counter.o
 .debug_macro   0x00009ea5       0x58 src/ASF/common/services/delay/sam/cycle_counter.o
 .debug_macro   0x00009efd      0x99e src/ASF/common/services/delay/sam/cycle_counter.o
 .debug_macro   0x0000a89b      0x240 src/ASF/common/services/delay/sam/cycle_counter.o
 .debug_macro   0x0000aadb      0x4d5 src/ASF/common/services/delay/sam/cycle_counter.o
 .debug_macro   0x0000afb0      0x6a9 src/ASF/common/services/delay/sam/cycle_counter.o
 .debug_macro   0x0000b659      0x595 src/ASF/common/services/delay/sam/cycle_counter.o
 .debug_macro   0x0000bbee       0x46 src/ASF/common/services/delay/sam/cycle_counter.o
 .debug_macro   0x0000bc34      0x344 src/ASF/common/services/delay/sam/cycle_counter.o
 .debug_macro   0x0000bf78      0x283 src/ASF/common/services/delay/sam/cycle_counter.o
 .debug_macro   0x0000c1fb     0x14d7 src/ASF/common/services/delay/sam/cycle_counter.o
 .debug_macro   0x0000d6d2      0x7b0 src/ASF/common/services/delay/sam/cycle_counter.o
 .debug_macro   0x0000de82       0x76 src/ASF/common/services/delay/sam/cycle_counter.o
 .debug_macro   0x0000def8       0x82 src/ASF/common/services/delay/sam/cycle_counter.o
 .debug_macro   0x0000df7a       0x76 src/ASF/common/services/delay/sam/cycle_counter.o
 .debug_macro   0x0000dff0       0x4c src/ASF/common/services/delay/sam/cycle_counter.o
 .debug_macro   0x0000e03c      0x100 src/ASF/common/services/delay/sam/cycle_counter.o
 .debug_macro   0x0000e13c      0x100 src/ASF/common/services/delay/sam/cycle_counter.o
 .debug_macro   0x0000e23c      0x100 src/ASF/common/services/delay/sam/cycle_counter.o
 .debug_macro   0x0000e33c       0x88 src/ASF/common/services/delay/sam/cycle_counter.o
 .debug_macro   0x0000e3c4       0x88 src/ASF/common/services/delay/sam/cycle_counter.o
 .debug_macro   0x0000e44c      0x3b4 src/ASF/common/services/delay/sam/cycle_counter.o
 .debug_macro   0x0000e800       0xb8 src/ASF/common/services/delay/sam/cycle_counter.o
 .debug_macro   0x0000e8b8       0xb8 src/ASF/common/services/delay/sam/cycle_counter.o
 .debug_macro   0x0000e970       0xb8 src/ASF/common/services/delay/sam/cycle_counter.o
 .debug_macro   0x0000ea28       0xb8 src/ASF/common/services/delay/sam/cycle_counter.o
 .debug_macro   0x0000eae0      0x2b8 src/ASF/common/services/delay/sam/cycle_counter.o
 .debug_macro   0x0000ed98      0x11b src/ASF/common/services/delay/sam/cycle_counter.o
 .debug_macro   0x0000eeb3      0x21b src/ASF/common/services/delay/sam/cycle_counter.o
 .debug_macro   0x0000f0ce      0x21b src/ASF/common/services/delay/sam/cycle_counter.o
 .debug_macro   0x0000f2e9       0x2e src/ASF/common/services/delay/sam/cycle_counter.o
 .debug_macro   0x0000f317       0xac src/ASF/common/services/delay/sam/cycle_counter.o
 .debug_macro   0x0000f3c3      0x143 src/ASF/common/services/delay/sam/cycle_counter.o
 .debug_macro   0x0000f506       0x7c src/ASF/common/services/delay/sam/cycle_counter.o
 .debug_macro   0x0000f582      0x1fb src/ASF/common/services/delay/sam/cycle_counter.o
 .debug_macro   0x0000f77d       0x64 src/ASF/common/services/delay/sam/cycle_counter.o
 .debug_macro   0x0000f7e1       0xa6 src/ASF/common/services/delay/sam/cycle_counter.o
 .debug_macro   0x0000f887       0x7c src/ASF/common/services/delay/sam/cycle_counter.o
 .debug_macro   0x0000f903       0x16 src/ASF/common/services/delay/sam/cycle_counter.o
 .debug_macro   0x0000f919       0x22 src/ASF/common/services/delay/sam/cycle_counter.o
 .debug_macro   0x0000f93b       0x22 src/ASF/common/services/delay/sam/cycle_counter.o
 .debug_macro   0x0000f95d      0x10c src/ASF/common/services/delay/sam/cycle_counter.o
 .debug_macro   0x0000fa69      0x10c src/ASF/common/services/delay/sam/cycle_counter.o
 .debug_macro   0x0000fb75      0x10c src/ASF/common/services/delay/sam/cycle_counter.o
 .debug_macro   0x0000fc81      0x10c src/ASF/common/services/delay/sam/cycle_counter.o
 .debug_macro   0x0000fd8d       0x1c src/ASF/common/services/delay/sam/cycle_counter.o
 .debug_macro   0x0000fda9       0x2e src/ASF/common/services/delay/sam/cycle_counter.o
 .debug_macro   0x0000fdd7       0x22 src/ASF/common/services/delay/sam/cycle_counter.o
 .debug_macro   0x0000fdf9       0x1c src/ASF/common/services/delay/sam/cycle_counter.o
 .debug_macro   0x0000fe15       0x58 src/ASF/common/services/delay/sam/cycle_counter.o
 .debug_macro   0x0000fe6d       0x10 src/ASF/common/services/delay/sam/cycle_counter.o
 .debug_macro   0x0000fe7d      0x273 src/ASF/common/services/delay/sam/cycle_counter.o
 .debug_macro   0x000100f0      0xd39 src/ASF/common/services/delay/sam/cycle_counter.o
 .debug_macro   0x00010e29      0x131 src/ASF/common/services/delay/sam/cycle_counter.o
 .debug_macro   0x00010f5a       0x58 src/ASF/common/services/delay/sam/cycle_counter.o
 .debug_macro   0x00010fb2       0x35 src/ASF/common/services/delay/sam/cycle_counter.o
 .debug_macro   0x00010fe7       0x9c src/ASF/common/services/delay/sam/cycle_counter.o
 .debug_macro   0x00011083       0x16 src/ASF/common/services/delay/sam/cycle_counter.o
 .debug_macro   0x00011099       0x35 src/ASF/common/services/delay/sam/cycle_counter.o
 .debug_macro   0x000110ce      0x34d src/ASF/common/services/delay/sam/cycle_counter.o
 .debug_macro   0x0001141b       0x10 src/ASF/common/services/delay/sam/cycle_counter.o
 .debug_macro   0x0001142b       0x58 src/ASF/common/services/delay/sam/cycle_counter.o
 .debug_macro   0x00011483       0x1f src/ASF/common/services/delay/sam/cycle_counter.o
 .debug_macro   0x000114a2       0x43 src/ASF/common/services/delay/sam/cycle_counter.o
 .debug_macro   0x000114e5       0x20 src/ASF/common/services/delay/sam/cycle_counter.o
 .debug_macro   0x00011505      0x187 src/ASF/common/services/delay/sam/cycle_counter.o
 .debug_macro   0x0001168c       0x10 src/ASF/common/services/delay/sam/cycle_counter.o
 .debug_macro   0x0001169c       0x1c src/ASF/common/services/delay/sam/cycle_counter.o
 .debug_macro   0x000116b8       0x52 src/ASF/common/services/delay/sam/cycle_counter.o
 .debug_macro   0x0001170a       0x40 src/ASF/common/services/delay/sam/cycle_counter.o
 .debug_macro   0x0001174a       0x10 src/ASF/common/services/delay/sam/cycle_counter.o
 .debug_macro   0x0001175a       0x40 src/ASF/common/services/delay/sam/cycle_counter.o
 .debug_macro   0x0001179a       0xd7 src/ASF/common/services/delay/sam/cycle_counter.o
 .debug_macro   0x00011871       0x16 src/ASF/common/services/delay/sam/cycle_counter.o
 .debug_macro   0x00011887      0x18b src/ASF/common/services/delay/sam/cycle_counter.o
 .debug_macro   0x00011a12       0x22 src/ASF/common/services/delay/sam/cycle_counter.o
 .debug_macro   0x00011a34       0x16 src/ASF/common/services/delay/sam/cycle_counter.o
 .debug_macro   0x00011a4a       0x16 src/ASF/common/services/delay/sam/cycle_counter.o
 .debug_macro   0x00011a60       0x29 src/ASF/common/services/delay/sam/cycle_counter.o
 .debug_macro   0x00011a89       0x73 src/ASF/common/services/delay/sam/cycle_counter.o
 .debug_macro   0x00011afc       0x44 src/ASF/common/services/delay/sam/cycle_counter.o
 .debug_macro   0x00011b40      0x3ca src/ASF/common/services/delay/sam/cycle_counter.o
 .debug_macro   0x00011f0a       0x22 src/ASF/common/services/delay/sam/cycle_counter.o
 .debug_macro   0x00011f2c      0x5eb src/ASF/common/services/clock/sam3x/sysclk.o
 .debug_macro   0x00012517       0x34 src/ASF/common/services/clock/sam3x/sysclk.o
 .debug_macro   0x0001254b      0x2d2 src/ASF/common/services/clock/sam3x/sysclk.o
 .debug_macro   0x0001281d       0x3a src/ASF/common/services/clock/sam3x/sysclk.o
 .debug_macro   0x00012857       0x5e src/ASF/common/services/clock/sam3x/sysclk.o
 .debug_macro   0x000128b5       0x64 src/ASF/common/services/clock/sam3x/sysclk.o
 .debug_macro   0x00012919       0x5f src/ASF/common/services/clock/sam3x/sysclk.o
 .debug_macro   0x00012978       0x90 src/ASF/common/services/clock/sam3x/sysclk.o
 .debug_macro   0x00012a08      0x583 src/ASF/sam/drivers/pmc/pmc.o
 .debug_macro   0x00012f8b       0x58 src/ASF/sam/drivers/pmc/pmc.o
 .debug_macro   0x00012fe3      0x63f src/ASF/common/boards/user_board/init.o
 .debug_macro   0x00013622       0x28 src/ASF/common/boards/user_board/init.o
 .debug_macro   0x0001364a       0x22 src/ASF/common/boards/user_board/init.o
 .debug_macro   0x0001366c       0x70 src/ASF/common/boards/user_board/init.o
 .debug_macro   0x000136dc      0x582 src/ASF/sam/utils/cmsis/sam3x/source/templates/exceptions.o
 .debug_macro   0x00013c5e      0x590 src/ASF/sam/utils/cmsis/sam3x/source/templates/gcc/startup_sam3x.o
 .debug_macro   0x000141ee      0x590 src/ASF/sam/utils/cmsis/sam3x/source/templates/system_sam3x.o
 .debug_macro   0x0001477e       0x26 src/ASF/sam/utils/cmsis/sam3x/source/templates/system_sam3x.o
 .debug_macro   0x000147a4      0x63f src/main.o

.debug_line     0x00000000     0x66c0
 .debug_line    0x00000000      0xb70 src/ASF/common/services/delay/sam/cycle_counter.o
 .debug_line    0x00000b70      0xcd9 src/ASF/common/services/clock/sam3x/sysclk.o
 .debug_line    0x00001849     0x10e4 src/ASF/sam/drivers/pmc/pmc.o
 .debug_line    0x0000292d      0xd61 src/ASF/common/boards/user_board/init.o
 .debug_line    0x0000368e      0xb45 src/ASF/sam/utils/cmsis/sam3x/source/templates/exceptions.o
 .debug_line    0x000041d3      0xb8e src/ASF/sam/utils/cmsis/sam3x/source/templates/gcc/startup_sam3x.o
 .debug_line    0x00004d61      0xbc0 src/ASF/sam/utils/cmsis/sam3x/source/templates/system_sam3x.o
 .debug_line    0x00005921      0xd9f src/main.o

.debug_str      0x00000000    0x61575
 .debug_str     0x00000000    0x5ed65 src/ASF/common/services/delay/sam/cycle_counter.o
                              0x5f0cb (size before relaxing)
 .debug_str     0x0005ed65     0x1787 src/ASF/common/services/clock/sam3x/sysclk.o
                              0x606d9 (size before relaxing)
 .debug_str     0x000604ec      0x604 src/ASF/sam/drivers/pmc/pmc.o
                              0x5f965 (size before relaxing)
 .debug_str     0x00060af0      0x445 src/ASF/common/boards/user_board/init.o
                              0x60813 (size before relaxing)
 .debug_str     0x00060f35       0x4d src/ASF/sam/utils/cmsis/sam3x/source/templates/exceptions.o
                              0x5ef70 (size before relaxing)
 .debug_str     0x00060f82       0xf1 src/ASF/sam/utils/cmsis/sam3x/source/templates/gcc/startup_sam3x.o
                              0x5f084 (size before relaxing)
 .debug_str     0x00061073      0x195 src/ASF/sam/utils/cmsis/sam3x/source/templates/system_sam3x.o
                              0x5f248 (size before relaxing)
 .debug_str     0x00061208      0x36d src/main.o
                              0x60d15 (size before relaxing)

.debug_frame    0x00000000      0x73c
 .debug_frame   0x00000000       0x20 src/ASF/common/services/delay/sam/cycle_counter.o
 .debug_frame   0x00000020       0x88 src/ASF/common/services/clock/sam3x/sysclk.o
 .debug_frame   0x000000a8      0x404 src/ASF/sam/drivers/pmc/pmc.o
 .debug_frame   0x000004ac       0x20 src/ASF/common/boards/user_board/init.o
 .debug_frame   0x000004cc       0x20 src/ASF/sam/utils/cmsis/sam3x/source/templates/exceptions.o
 .debug_frame   0x000004ec       0x28 src/ASF/sam/utils/cmsis/sam3x/source/templates/gcc/startup_sam3x.o
 .debug_frame   0x00000514       0x40 src/ASF/sam/utils/cmsis/sam3x/source/templates/system_sam3x.o
 .debug_frame   0x00000554       0x28 src/main.o
 .debug_frame   0x0000057c       0x2c c:/program files (x86)/atmel/studio/7.0/toolchain/arm/arm-gnu-toolchain/bin/../lib/gcc/arm-none-eabi/6.3.1/../../../../arm-none-eabi/lib/thumb/v7-m\libc.a(lib_a-init.o)
 .debug_frame   0x000005a8       0x5c c:/program files (x86)/atmel/studio/7.0/toolchain/arm/arm-gnu-toolchain/bin/../lib/gcc/arm-none-eabi/6.3.1/../../../../arm-none-eabi/lib/thumb/v7-m\libc.a(lib_a-__call_atexit.o)
 .debug_frame   0x00000604       0x20 c:/program files (x86)/atmel/studio/7.0/toolchain/arm/arm-gnu-toolchain/bin/../lib/gcc/arm-none-eabi/6.3.1/../../../../arm-none-eabi/lib/thumb/v7-m\libc.a(lib_a-atexit.o)
 .debug_frame   0x00000624       0x34 c:/program files (x86)/atmel/studio/7.0/toolchain/arm/arm-gnu-toolchain/bin/../lib/gcc/arm-none-eabi/6.3.1/../../../../arm-none-eabi/lib/thumb/v7-m\libc.a(lib_a-fini.o)
 .debug_frame   0x00000658       0xb0 c:/program files (x86)/atmel/studio/7.0/toolchain/arm/arm-gnu-toolchain/bin/../lib/gcc/arm-none-eabi/6.3.1/../../../../arm-none-eabi/lib/thumb/v7-m\libc.a(lib_a-lock.o)
 .debug_frame   0x00000708       0x34 c:/program files (x86)/atmel/studio/7.0/toolchain/arm/arm-gnu-toolchain/bin/../lib/gcc/arm-none-eabi/6.3.1/../../../../arm-none-eabi/lib/thumb/v7-m\libc.a(lib_a-__atexit.o)

.debug_loc      0x00000000      0xcf0
 .debug_loc     0x00000000      0x183 src/ASF/common/services/clock/sam3x/sysclk.o
 .debug_loc     0x00000183      0xa54 src/ASF/sam/drivers/pmc/pmc.o
 .debug_loc     0x00000bd7       0x6b src/ASF/sam/utils/cmsis/sam3x/source/templates/gcc/startup_sam3x.o
 .debug_loc     0x00000c42       0xae src/main.o

Cross Reference Table

Symbol                                            File
ADC_Handler                                       src/ASF/sam/utils/cmsis/sam3x/source/templates/exceptions.o
                                                  src/ASF/sam/utils/cmsis/sam3x/source/templates/gcc/startup_sam3x.o
BusFault_Handler                                  src/ASF/sam/utils/cmsis/sam3x/source/templates/exceptions.o
                                                  src/ASF/sam/utils/cmsis/sam3x/source/templates/gcc/startup_sam3x.o
CAN0_Handler                                      src/ASF/sam/utils/cmsis/sam3x/source/templates/exceptions.o
                                                  src/ASF/sam/utils/cmsis/sam3x/source/templates/gcc/startup_sam3x.o
CAN1_Handler                                      src/ASF/sam/utils/cmsis/sam3x/source/templates/exceptions.o
                                                  src/ASF/sam/utils/cmsis/sam3x/source/templates/gcc/startup_sam3x.o
DACC_Handler                                      src/ASF/sam/utils/cmsis/sam3x/source/templates/exceptions.o
                                                  src/ASF/sam/utils/cmsis/sam3x/source/templates/gcc/startup_sam3x.o
DMAC_Handler                                      src/ASF/sam/utils/cmsis/sam3x/source/templates/exceptions.o
                                                  src/ASF/sam/utils/cmsis/sam3x/source/templates/gcc/startup_sam3x.o
DebugMon_Handler                                  src/ASF/sam/utils/cmsis/sam3x/source/templates/exceptions.o
                                                  src/ASF/sam/utils/cmsis/sam3x/source/templates/gcc/startup_sam3x.o
Dummy_Handler                                     src/ASF/sam/utils/cmsis/sam3x/source/templates/exceptions.o
EFC0_Handler                                      src/ASF/sam/utils/cmsis/sam3x/source/templates/exceptions.o
                                                  src/ASF/sam/utils/cmsis/sam3x/source/templates/gcc/startup_sam3x.o
EFC1_Handler                                      src/ASF/sam/utils/cmsis/sam3x/source/templates/exceptions.o
                                                  src/ASF/sam/utils/cmsis/sam3x/source/templates/gcc/startup_sam3x.o
EMAC_Handler                                      src/ASF/sam/utils/cmsis/sam3x/source/templates/exceptions.o
                                                  src/ASF/sam/utils/cmsis/sam3x/source/templates/gcc/startup_sam3x.o
HSMCI_Handler                                     src/ASF/sam/utils/cmsis/sam3x/source/templates/exceptions.o
                                                  src/ASF/sam/utils/cmsis/sam3x/source/templates/gcc/startup_sam3x.o
HardFault_Handler                                 src/ASF/sam/utils/cmsis/sam3x/source/templates/exceptions.o
                                                  src/ASF/sam/utils/cmsis/sam3x/source/templates/gcc/startup_sam3x.o
MemManage_Handler                                 src/ASF/sam/utils/cmsis/sam3x/source/templates/exceptions.o
                                                  src/ASF/sam/utils/cmsis/sam3x/source/templates/gcc/startup_sam3x.o
NMI_Handler                                       src/ASF/sam/utils/cmsis/sam3x/source/templates/exceptions.o
                                                  src/ASF/sam/utils/cmsis/sam3x/source/templates/gcc/startup_sam3x.o
PIOA_Handler                                      src/ASF/sam/utils/cmsis/sam3x/source/templates/exceptions.o
                                                  src/ASF/sam/utils/cmsis/sam3x/source/templates/gcc/startup_sam3x.o
PIOB_Handler                                      src/ASF/sam/utils/cmsis/sam3x/source/templates/exceptions.o
                                                  src/ASF/sam/utils/cmsis/sam3x/source/templates/gcc/startup_sam3x.o
PIOC_Handler                                      src/ASF/sam/utils/cmsis/sam3x/source/templates/exceptions.o
                                                  src/ASF/sam/utils/cmsis/sam3x/source/templates/gcc/startup_sam3x.o
PIOD_Handler                                      src/ASF/sam/utils/cmsis/sam3x/source/templates/exceptions.o
                                                  src/ASF/sam/utils/cmsis/sam3x/source/templates/gcc/startup_sam3x.o
PMC_Handler                                       src/ASF/sam/utils/cmsis/sam3x/source/templates/exceptions.o
                                                  src/ASF/sam/utils/cmsis/sam3x/source/templates/gcc/startup_sam3x.o
PWM_Handler                                       src/ASF/sam/utils/cmsis/sam3x/source/templates/exceptions.o
                                                  src/ASF/sam/utils/cmsis/sam3x/source/templates/gcc/startup_sam3x.o
PendSV_Handler                                    src/ASF/sam/utils/cmsis/sam3x/source/templates/exceptions.o
                                                  src/ASF/sam/utils/cmsis/sam3x/source/templates/gcc/startup_sam3x.o
RSTC_Handler                                      src/ASF/sam/utils/cmsis/sam3x/source/templates/exceptions.o
                                                  src/ASF/sam/utils/cmsis/sam3x/source/templates/gcc/startup_sam3x.o
RTC_Handler                                       src/ASF/sam/utils/cmsis/sam3x/source/templates/exceptions.o
                                                  src/ASF/sam/utils/cmsis/sam3x/source/templates/gcc/startup_sam3x.o
RTT_Handler                                       src/ASF/sam/utils/cmsis/sam3x/source/templates/exceptions.o
                                                  src/ASF/sam/utils/cmsis/sam3x/source/templates/gcc/startup_sam3x.o
Reset_Handler                                     src/ASF/sam/utils/cmsis/sam3x/source/templates/gcc/startup_sam3x.o
SMC_Handler                                       src/ASF/sam/utils/cmsis/sam3x/source/templates/exceptions.o
                                                  src/ASF/sam/utils/cmsis/sam3x/source/templates/gcc/startup_sam3x.o
SPI0_Handler                                      src/ASF/sam/utils/cmsis/sam3x/source/templates/exceptions.o
                                                  src/ASF/sam/utils/cmsis/sam3x/source/templates/gcc/startup_sam3x.o
SSC_Handler                                       src/ASF/sam/utils/cmsis/sam3x/source/templates/exceptions.o
                                                  src/ASF/sam/utils/cmsis/sam3x/source/templates/gcc/startup_sam3x.o
SUPC_Handler                                      src/ASF/sam/utils/cmsis/sam3x/source/templates/exceptions.o
                                                  src/ASF/sam/utils/cmsis/sam3x/source/templates/gcc/startup_sam3x.o
SVC_Handler                                       src/ASF/sam/utils/cmsis/sam3x/source/templates/exceptions.o
                                                  src/ASF/sam/utils/cmsis/sam3x/source/templates/gcc/startup_sam3x.o
SysTick_Handler                                   src/ASF/sam/utils/cmsis/sam3x/source/templates/exceptions.o
                                                  src/ASF/sam/utils/cmsis/sam3x/source/templates/gcc/startup_sam3x.o
SystemCoreClock                                   src/ASF/sam/utils/cmsis/sam3x/source/templates/system_sam3x.o
SystemCoreClockUpdate                             src/ASF/sam/utils/cmsis/sam3x/source/templates/system_sam3x.o
                                                  src/ASF/common/services/clock/sam3x/sysclk.o
SystemInit                                        src/ASF/sam/utils/cmsis/sam3x/source/templates/system_sam3x.o
TC0_Handler                                       src/ASF/sam/utils/cmsis/sam3x/source/templates/exceptions.o
                                                  src/ASF/sam/utils/cmsis/sam3x/source/templates/gcc/startup_sam3x.o
TC1_Handler                                       src/ASF/sam/utils/cmsis/sam3x/source/templates/exceptions.o
                                                  src/ASF/sam/utils/cmsis/sam3x/source/templates/gcc/startup_sam3x.o
TC2_Handler                                       src/ASF/sam/utils/cmsis/sam3x/source/templates/exceptions.o
                                                  src/ASF/sam/utils/cmsis/sam3x/source/templates/gcc/startup_sam3x.o
TC3_Handler                                       src/ASF/sam/utils/cmsis/sam3x/source/templates/exceptions.o
                                                  src/ASF/sam/utils/cmsis/sam3x/source/templates/gcc/startup_sam3x.o
TC4_Handler                                       src/ASF/sam/utils/cmsis/sam3x/source/templates/exceptions.o
                                                  src/ASF/sam/utils/cmsis/sam3x/source/templates/gcc/startup_sam3x.o
TC5_Handler                                       src/ASF/sam/utils/cmsis/sam3x/source/templates/exceptions.o
                                                  src/ASF/sam/utils/cmsis/sam3x/source/templates/gcc/startup_sam3x.o
TC6_Handler                                       src/ASF/sam/utils/cmsis/sam3x/source/templates/exceptions.o
                                                  src/ASF/sam/utils/cmsis/sam3x/source/templates/gcc/startup_sam3x.o
TC7_Handler                                       src/ASF/sam/utils/cmsis/sam3x/source/templates/exceptions.o
                                                  src/ASF/sam/utils/cmsis/sam3x/source/templates/gcc/startup_sam3x.o
TC8_Handler                                       src/ASF/sam/utils/cmsis/sam3x/source/templates/exceptions.o
                                                  src/ASF/sam/utils/cmsis/sam3x/source/templates/gcc/startup_sam3x.o
TRNG_Handler                                      src/ASF/sam/utils/cmsis/sam3x/source/templates/exceptions.o
                                                  src/ASF/sam/utils/cmsis/sam3x/source/templates/gcc/startup_sam3x.o
TWI0_Handler                                      src/ASF/sam/utils/cmsis/sam3x/source/templates/exceptions.o
                                                  src/ASF/sam/utils/cmsis/sam3x/source/templates/gcc/startup_sam3x.o
TWI1_Handler                                      src/ASF/sam/utils/cmsis/sam3x/source/templates/exceptions.o
                                                  src/ASF/sam/utils/cmsis/sam3x/source/templates/gcc/startup_sam3x.o
UART_Handler                                      src/ASF/sam/utils/cmsis/sam3x/source/templates/exceptions.o
                                                  src/ASF/sam/utils/cmsis/sam3x/source/templates/gcc/startup_sam3x.o
UOTGHS_Handler                                    src/ASF/sam/utils/cmsis/sam3x/source/templates/exceptions.o
                                                  src/ASF/sam/utils/cmsis/sam3x/source/templates/gcc/startup_sam3x.o
USART0_Handler                                    src/ASF/sam/utils/cmsis/sam3x/source/templates/exceptions.o
                                                  src/ASF/sam/utils/cmsis/sam3x/source/templates/gcc/startup_sam3x.o
USART1_Handler                                    src/ASF/sam/utils/cmsis/sam3x/source/templates/exceptions.o
                                                  src/ASF/sam/utils/cmsis/sam3x/source/templates/gcc/startup_sam3x.o
USART2_Handler                                    src/ASF/sam/utils/cmsis/sam3x/source/templates/exceptions.o
                                                  src/ASF/sam/utils/cmsis/sam3x/source/templates/gcc/startup_sam3x.o
USART3_Handler                                    src/ASF/sam/utils/cmsis/sam3x/source/templates/exceptions.o
                                                  src/ASF/sam/utils/cmsis/sam3x/source/templates/gcc/startup_sam3x.o
UsageFault_Handler                                src/ASF/sam/utils/cmsis/sam3x/source/templates/exceptions.o
                                                  src/ASF/sam/utils/cmsis/sam3x/source/templates/gcc/startup_sam3x.o
WDT_Handler                                       src/ASF/sam/utils/cmsis/sam3x/source/templates/exceptions.o
                                                  src/ASF/sam/utils/cmsis/sam3x/source/templates/gcc/startup_sam3x.o
_Jv_RegisterClasses                               c:/program files (x86)/atmel/studio/7.0/toolchain/arm/arm-gnu-toolchain/bin/../lib/gcc/arm-none-eabi/6.3.1/thumb/v7-m/crtbegin.o
__atexit_recursive_mutex                          c:/program files (x86)/atmel/studio/7.0/toolchain/arm/arm-gnu-toolchain/bin/../lib/gcc/arm-none-eabi/6.3.1/../../../../arm-none-eabi/lib/thumb/v7-m\libc.a(lib_a-__call_atexit.o)
                                                  c:/program files (x86)/atmel/studio/7.0/toolchain/arm/arm-gnu-toolchain/bin/../lib/gcc/arm-none-eabi/6.3.1/../../../../arm-none-eabi/lib/thumb/v7-m\libc.a(lib_a-__atexit.o)
__bss_end__                                       c:/program files (x86)/atmel/studio/7.0/toolchain/arm/arm-gnu-toolchain/bin/../lib/gcc/arm-none-eabi/6.3.1/../../../../arm-none-eabi/lib/thumb/v7-m/crt0.o
__bss_start__                                     c:/program files (x86)/atmel/studio/7.0/toolchain/arm/arm-gnu-toolchain/bin/../lib/gcc/arm-none-eabi/6.3.1/../../../../arm-none-eabi/lib/thumb/v7-m/crt0.o
__call_exitprocs                                  c:/program files (x86)/atmel/studio/7.0/toolchain/arm/arm-gnu-toolchain/bin/../lib/gcc/arm-none-eabi/6.3.1/../../../../arm-none-eabi/lib/thumb/v7-m\libc.a(lib_a-__call_atexit.o)
                                                  c:/program files (x86)/atmel/studio/7.0/toolchain/arm/arm-gnu-toolchain/bin/../lib/gcc/arm-none-eabi/6.3.1/../../../../arm-none-eabi/lib/thumb/v7-m\libc.a(lib_a-exit.o)
__deregister_frame_info                           c:/program files (x86)/atmel/studio/7.0/toolchain/arm/arm-gnu-toolchain/bin/../lib/gcc/arm-none-eabi/6.3.1/thumb/v7-m/crtbegin.o
__dso_handle                                      c:/program files (x86)/atmel/studio/7.0/toolchain/arm/arm-gnu-toolchain/bin/../lib/gcc/arm-none-eabi/6.3.1/thumb/v7-m/crtbegin.o
__fini_array_end                                  c:/program files (x86)/atmel/studio/7.0/toolchain/arm/arm-gnu-toolchain/bin/../lib/gcc/arm-none-eabi/6.3.1/../../../../arm-none-eabi/lib/thumb/v7-m\libc.a(lib_a-fini.o)
__fini_array_start                                c:/program files (x86)/atmel/studio/7.0/toolchain/arm/arm-gnu-toolchain/bin/../lib/gcc/arm-none-eabi/6.3.1/../../../../arm-none-eabi/lib/thumb/v7-m\libc.a(lib_a-fini.o)
__init_array_end                                  c:/program files (x86)/atmel/studio/7.0/toolchain/arm/arm-gnu-toolchain/bin/../lib/gcc/arm-none-eabi/6.3.1/../../../../arm-none-eabi/lib/thumb/v7-m\libc.a(lib_a-init.o)
__init_array_start                                c:/program files (x86)/atmel/studio/7.0/toolchain/arm/arm-gnu-toolchain/bin/../lib/gcc/arm-none-eabi/6.3.1/../../../../arm-none-eabi/lib/thumb/v7-m\libc.a(lib_a-init.o)
__libc_fini                                       c:/program files (x86)/atmel/studio/7.0/toolchain/arm/arm-gnu-toolchain/bin/../lib/gcc/arm-none-eabi/6.3.1/../../../../arm-none-eabi/lib/thumb/v7-m\libc.a(lib_a-__call_atexit.o)
__libc_fini_array                                 c:/program files (x86)/atmel/studio/7.0/toolchain/arm/arm-gnu-toolchain/bin/../lib/gcc/arm-none-eabi/6.3.1/../../../../arm-none-eabi/lib/thumb/v7-m\libc.a(lib_a-fini.o)
                                                  c:/program files (x86)/atmel/studio/7.0/toolchain/arm/arm-gnu-toolchain/bin/../lib/gcc/arm-none-eabi/6.3.1/../../../../arm-none-eabi/lib/thumb/v7-m\libc.a(lib_a-__call_atexit.o)
                                                  c:/program files (x86)/atmel/studio/7.0/toolchain/arm/arm-gnu-toolchain/bin/../lib/gcc/arm-none-eabi/6.3.1/../../../../arm-none-eabi/lib/thumb/v7-m/crt0.o
__libc_init_array                                 c:/program files (x86)/atmel/studio/7.0/toolchain/arm/arm-gnu-toolchain/bin/../lib/gcc/arm-none-eabi/6.3.1/../../../../arm-none-eabi/lib/thumb/v7-m\libc.a(lib_a-init.o)
                                                  src/ASF/sam/utils/cmsis/sam3x/source/templates/gcc/startup_sam3x.o
                                                  c:/program files (x86)/atmel/studio/7.0/toolchain/arm/arm-gnu-toolchain/bin/../lib/gcc/arm-none-eabi/6.3.1/../../../../arm-none-eabi/lib/thumb/v7-m/crt0.o
__lock___arc4random_mutex                         c:/program files (x86)/atmel/studio/7.0/toolchain/arm/arm-gnu-toolchain/bin/../lib/gcc/arm-none-eabi/6.3.1/../../../../arm-none-eabi/lib/thumb/v7-m\libc.a(lib_a-lock.o)
__lock___at_quick_exit_mutex                      c:/program files (x86)/atmel/studio/7.0/toolchain/arm/arm-gnu-toolchain/bin/../lib/gcc/arm-none-eabi/6.3.1/../../../../arm-none-eabi/lib/thumb/v7-m\libc.a(lib_a-lock.o)
__lock___atexit_recursive_mutex                   c:/program files (x86)/atmel/studio/7.0/toolchain/arm/arm-gnu-toolchain/bin/../lib/gcc/arm-none-eabi/6.3.1/../../../../arm-none-eabi/lib/thumb/v7-m\libc.a(lib_a-lock.o)
                                                  c:/program files (x86)/atmel/studio/7.0/toolchain/arm/arm-gnu-toolchain/bin/../lib/gcc/arm-none-eabi/6.3.1/../../../../arm-none-eabi/lib/thumb/v7-m\libc.a(lib_a-__call_atexit.o)
__lock___dd_hash_mutex                            c:/program files (x86)/atmel/studio/7.0/toolchain/arm/arm-gnu-toolchain/bin/../lib/gcc/arm-none-eabi/6.3.1/../../../../arm-none-eabi/lib/thumb/v7-m\libc.a(lib_a-lock.o)
__lock___env_recursive_mutex                      c:/program files (x86)/atmel/studio/7.0/toolchain/arm/arm-gnu-toolchain/bin/../lib/gcc/arm-none-eabi/6.3.1/../../../../arm-none-eabi/lib/thumb/v7-m\libc.a(lib_a-lock.o)
__lock___malloc_recursive_mutex                   c:/program files (x86)/atmel/studio/7.0/toolchain/arm/arm-gnu-toolchain/bin/../lib/gcc/arm-none-eabi/6.3.1/../../../../arm-none-eabi/lib/thumb/v7-m\libc.a(lib_a-lock.o)
__lock___sfp_recursive_mutex                      c:/program files (x86)/atmel/studio/7.0/toolchain/arm/arm-gnu-toolchain/bin/../lib/gcc/arm-none-eabi/6.3.1/../../../../arm-none-eabi/lib/thumb/v7-m\libc.a(lib_a-lock.o)
__lock___sinit_recursive_mutex                    c:/program files (x86)/atmel/studio/7.0/toolchain/arm/arm-gnu-toolchain/bin/../lib/gcc/arm-none-eabi/6.3.1/../../../../arm-none-eabi/lib/thumb/v7-m\libc.a(lib_a-lock.o)
__lock___tz_mutex                                 c:/program files (x86)/atmel/studio/7.0/toolchain/arm/arm-gnu-toolchain/bin/../lib/gcc/arm-none-eabi/6.3.1/../../../../arm-none-eabi/lib/thumb/v7-m\libc.a(lib_a-lock.o)
__preinit_array_end                               c:/program files (x86)/atmel/studio/7.0/toolchain/arm/arm-gnu-toolchain/bin/../lib/gcc/arm-none-eabi/6.3.1/../../../../arm-none-eabi/lib/thumb/v7-m\libc.a(lib_a-init.o)
__preinit_array_start                             c:/program files (x86)/atmel/studio/7.0/toolchain/arm/arm-gnu-toolchain/bin/../lib/gcc/arm-none-eabi/6.3.1/../../../../arm-none-eabi/lib/thumb/v7-m\libc.a(lib_a-init.o)
__ram_end__                                       src/ASF/sam/utils/syscalls/gcc/syscalls.o
__register_exitproc                               c:/program files (x86)/atmel/studio/7.0/toolchain/arm/arm-gnu-toolchain/bin/../lib/gcc/arm-none-eabi/6.3.1/../../../../arm-none-eabi/lib/thumb/v7-m\libc.a(lib_a-__atexit.o)
                                                  c:/program files (x86)/atmel/studio/7.0/toolchain/arm/arm-gnu-toolchain/bin/../lib/gcc/arm-none-eabi/6.3.1/../../../../arm-none-eabi/lib/thumb/v7-m\libc.a(lib_a-atexit.o)
__register_frame_info                             c:/program files (x86)/atmel/studio/7.0/toolchain/arm/arm-gnu-toolchain/bin/../lib/gcc/arm-none-eabi/6.3.1/thumb/v7-m/crtbegin.o
__retarget_lock_acquire                           c:/program files (x86)/atmel/studio/7.0/toolchain/arm/arm-gnu-toolchain/bin/../lib/gcc/arm-none-eabi/6.3.1/../../../../arm-none-eabi/lib/thumb/v7-m\libc.a(lib_a-lock.o)
__retarget_lock_acquire_recursive                 c:/program files (x86)/atmel/studio/7.0/toolchain/arm/arm-gnu-toolchain/bin/../lib/gcc/arm-none-eabi/6.3.1/../../../../arm-none-eabi/lib/thumb/v7-m\libc.a(lib_a-lock.o)
                                                  c:/program files (x86)/atmel/studio/7.0/toolchain/arm/arm-gnu-toolchain/bin/../lib/gcc/arm-none-eabi/6.3.1/../../../../arm-none-eabi/lib/thumb/v7-m\libc.a(lib_a-__atexit.o)
                                                  c:/program files (x86)/atmel/studio/7.0/toolchain/arm/arm-gnu-toolchain/bin/../lib/gcc/arm-none-eabi/6.3.1/../../../../arm-none-eabi/lib/thumb/v7-m\libc.a(lib_a-__call_atexit.o)
__retarget_lock_close                             c:/program files (x86)/atmel/studio/7.0/toolchain/arm/arm-gnu-toolchain/bin/../lib/gcc/arm-none-eabi/6.3.1/../../../../arm-none-eabi/lib/thumb/v7-m\libc.a(lib_a-lock.o)
__retarget_lock_close_recursive                   c:/program files (x86)/atmel/studio/7.0/toolchain/arm/arm-gnu-toolchain/bin/../lib/gcc/arm-none-eabi/6.3.1/../../../../arm-none-eabi/lib/thumb/v7-m\libc.a(lib_a-lock.o)
__retarget_lock_init                              c:/program files (x86)/atmel/studio/7.0/toolchain/arm/arm-gnu-toolchain/bin/../lib/gcc/arm-none-eabi/6.3.1/../../../../arm-none-eabi/lib/thumb/v7-m\libc.a(lib_a-lock.o)
__retarget_lock_init_recursive                    c:/program files (x86)/atmel/studio/7.0/toolchain/arm/arm-gnu-toolchain/bin/../lib/gcc/arm-none-eabi/6.3.1/../../../../arm-none-eabi/lib/thumb/v7-m\libc.a(lib_a-lock.o)
__retarget_lock_release                           c:/program files (x86)/atmel/studio/7.0/toolchain/arm/arm-gnu-toolchain/bin/../lib/gcc/arm-none-eabi/6.3.1/../../../../arm-none-eabi/lib/thumb/v7-m\libc.a(lib_a-lock.o)
__retarget_lock_release_recursive                 c:/program files (x86)/atmel/studio/7.0/toolchain/arm/arm-gnu-toolchain/bin/../lib/gcc/arm-none-eabi/6.3.1/../../../../arm-none-eabi/lib/thumb/v7-m\libc.a(lib_a-lock.o)
                                                  c:/program files (x86)/atmel/studio/7.0/toolchain/arm/arm-gnu-toolchain/bin/../lib/gcc/arm-none-eabi/6.3.1/../../../../arm-none-eabi/lib/thumb/v7-m\libc.a(lib_a-__atexit.o)
                                                  c:/program files (x86)/atmel/studio/7.0/toolchain/arm/arm-gnu-toolchain/bin/../lib/gcc/arm-none-eabi/6.3.1/../../../../arm-none-eabi/lib/thumb/v7-m\libc.a(lib_a-__call_atexit.o)
__retarget_lock_try_acquire                       c:/program files (x86)/atmel/studio/7.0/toolchain/arm/arm-gnu-toolchain/bin/../lib/gcc/arm-none-eabi/6.3.1/../../../../arm-none-eabi/lib/thumb/v7-m\libc.a(lib_a-lock.o)
__retarget_lock_try_acquire_recursive             c:/program files (x86)/atmel/studio/7.0/toolchain/arm/arm-gnu-toolchain/bin/../lib/gcc/arm-none-eabi/6.3.1/../../../../arm-none-eabi/lib/thumb/v7-m\libc.a(lib_a-lock.o)
__stack                                           c:/program files (x86)/atmel/studio/7.0/toolchain/arm/arm-gnu-toolchain/bin/../lib/gcc/arm-none-eabi/6.3.1/../../../../arm-none-eabi/lib/thumb/v7-m/crt0.o
_close                                            src/ASF/sam/utils/syscalls/gcc/syscalls.o
_end                                              src/ASF/sam/utils/syscalls/gcc/syscalls.o
_erelocate                                        src/ASF/sam/utils/cmsis/sam3x/source/templates/gcc/startup_sam3x.o
_estack                                           src/ASF/sam/utils/cmsis/sam3x/source/templates/gcc/startup_sam3x.o
_etext                                            src/ASF/sam/utils/cmsis/sam3x/source/templates/gcc/startup_sam3x.o
_exit                                             src/ASF/sam/utils/syscalls/gcc/syscalls.o
                                                  c:/program files (x86)/atmel/studio/7.0/toolchain/arm/arm-gnu-toolchain/bin/../lib/gcc/arm-none-eabi/6.3.1/../../../../arm-none-eabi/lib/thumb/v7-m\libc.a(lib_a-exit.o)
_ezero                                            src/ASF/sam/utils/cmsis/sam3x/source/templates/gcc/startup_sam3x.o
_fini                                             c:/program files (x86)/atmel/studio/7.0/toolchain/arm/arm-gnu-toolchain/bin/../lib/gcc/arm-none-eabi/6.3.1/thumb/v7-m/crti.o
                                                  c:/program files (x86)/atmel/studio/7.0/toolchain/arm/arm-gnu-toolchain/bin/../lib/gcc/arm-none-eabi/6.3.1/../../../../arm-none-eabi/lib/thumb/v7-m\libc.a(lib_a-fini.o)
_fstat                                            src/ASF/sam/utils/syscalls/gcc/syscalls.o
_getpid                                           src/ASF/sam/utils/syscalls/gcc/syscalls.o
_global_impure_ptr                                c:/program files (x86)/atmel/studio/7.0/toolchain/arm/arm-gnu-toolchain/bin/../lib/gcc/arm-none-eabi/6.3.1/../../../../arm-none-eabi/lib/thumb/v7-m\libc.a(lib_a-impure.o)
                                                  c:/program files (x86)/atmel/studio/7.0/toolchain/arm/arm-gnu-toolchain/bin/../lib/gcc/arm-none-eabi/6.3.1/../../../../arm-none-eabi/lib/thumb/v7-m\libc.a(lib_a-__atexit.o)
                                                  c:/program files (x86)/atmel/studio/7.0/toolchain/arm/arm-gnu-toolchain/bin/../lib/gcc/arm-none-eabi/6.3.1/../../../../arm-none-eabi/lib/thumb/v7-m\libc.a(lib_a-__call_atexit.o)
                                                  c:/program files (x86)/atmel/studio/7.0/toolchain/arm/arm-gnu-toolchain/bin/../lib/gcc/arm-none-eabi/6.3.1/../../../../arm-none-eabi/lib/thumb/v7-m\libc.a(lib_a-exit.o)
_impure_ptr                                       c:/program files (x86)/atmel/studio/7.0/toolchain/arm/arm-gnu-toolchain/bin/../lib/gcc/arm-none-eabi/6.3.1/../../../../arm-none-eabi/lib/thumb/v7-m\libc.a(lib_a-impure.o)
_init                                             c:/program files (x86)/atmel/studio/7.0/toolchain/arm/arm-gnu-toolchain/bin/../lib/gcc/arm-none-eabi/6.3.1/thumb/v7-m/crti.o
                                                  c:/program files (x86)/atmel/studio/7.0/toolchain/arm/arm-gnu-toolchain/bin/../lib/gcc/arm-none-eabi/6.3.1/../../../../arm-none-eabi/lib/thumb/v7-m\libc.a(lib_a-init.o)
_isatty                                           src/ASF/sam/utils/syscalls/gcc/syscalls.o
_kill                                             src/ASF/sam/utils/syscalls/gcc/syscalls.o
_lseek                                            src/ASF/sam/utils/syscalls/gcc/syscalls.o
_mainCRTStartup                                   c:/program files (x86)/atmel/studio/7.0/toolchain/arm/arm-gnu-toolchain/bin/../lib/gcc/arm-none-eabi/6.3.1/../../../../arm-none-eabi/lib/thumb/v7-m/crt0.o
_sbrk                                             src/ASF/sam/utils/syscalls/gcc/syscalls.o
_sfixed                                           src/ASF/sam/utils/cmsis/sam3x/source/templates/gcc/startup_sam3x.o
_srelocate                                        src/ASF/sam/utils/cmsis/sam3x/source/templates/gcc/startup_sam3x.o
_start                                            c:/program files (x86)/atmel/studio/7.0/toolchain/arm/arm-gnu-toolchain/bin/../lib/gcc/arm-none-eabi/6.3.1/../../../../arm-none-eabi/lib/thumb/v7-m/crt0.o
_szero                                            src/ASF/sam/utils/cmsis/sam3x/source/templates/gcc/startup_sam3x.o
atexit                                            c:/program files (x86)/atmel/studio/7.0/toolchain/arm/arm-gnu-toolchain/bin/../lib/gcc/arm-none-eabi/6.3.1/../../../../arm-none-eabi/lib/thumb/v7-m\libc.a(lib_a-atexit.o)
                                                  c:/program files (x86)/atmel/studio/7.0/toolchain/arm/arm-gnu-toolchain/bin/../lib/gcc/arm-none-eabi/6.3.1/../../../../arm-none-eabi/lib/thumb/v7-m\libc.a(lib_a-__call_atexit.o)
                                                  c:/program files (x86)/atmel/studio/7.0/toolchain/arm/arm-gnu-toolchain/bin/../lib/gcc/arm-none-eabi/6.3.1/../../../../arm-none-eabi/lib/thumb/v7-m/crt0.o
board_init                                        src/ASF/common/boards/user_board/init.o
                                                  src/main.o
cpu_irq_enter_critical                            src/ASF/common/utils/interrupt/interrupt_sam_nvic.o
cpu_irq_leave_critical                            src/ASF/common/utils/interrupt/interrupt_sam_nvic.o
exception_table                                   src/ASF/sam/utils/cmsis/sam3x/source/templates/gcc/startup_sam3x.o
exit                                              c:/program files (x86)/atmel/studio/7.0/toolchain/arm/arm-gnu-toolchain/bin/../lib/gcc/arm-none-eabi/6.3.1/../../../../arm-none-eabi/lib/thumb/v7-m\libc.a(lib_a-exit.o)
                                                  c:/program files (x86)/atmel/studio/7.0/toolchain/arm/arm-gnu-toolchain/bin/../lib/gcc/arm-none-eabi/6.3.1/../../../../arm-none-eabi/lib/thumb/v7-m/crt0.o
free                                              c:/program files (x86)/atmel/studio/7.0/toolchain/arm/arm-gnu-toolchain/bin/../lib/gcc/arm-none-eabi/6.3.1/../../../../arm-none-eabi/lib/thumb/v7-m\libc.a(lib_a-__call_atexit.o)
g_interrupt_enabled                               src/ASF/common/utils/interrupt/interrupt_sam_nvic.o
                                                  src/ASF/sam/drivers/pmc/sleep.o
hardware_init_hook                                c:/program files (x86)/atmel/studio/7.0/toolchain/arm/arm-gnu-toolchain/bin/../lib/gcc/arm-none-eabi/6.3.1/../../../../arm-none-eabi/lib/thumb/v7-m/crt0.o
link                                              src/ASF/sam/utils/syscalls/gcc/syscalls.o
main                                              src/main.o
                                                  src/ASF/sam/utils/cmsis/sam3x/source/templates/gcc/startup_sam3x.o
                                                  c:/program files (x86)/atmel/studio/7.0/toolchain/arm/arm-gnu-toolchain/bin/../lib/gcc/arm-none-eabi/6.3.1/../../../../arm-none-eabi/lib/thumb/v7-m/crt0.o
malloc                                            c:/program files (x86)/atmel/studio/7.0/toolchain/arm/arm-gnu-toolchain/bin/../lib/gcc/arm-none-eabi/6.3.1/../../../../arm-none-eabi/lib/thumb/v7-m\libc.a(lib_a-__atexit.o)
memset                                            c:/program files (x86)/atmel/studio/7.0/toolchain/arm/arm-gnu-toolchain/bin/../lib/gcc/arm-none-eabi/6.3.1/../../../../arm-none-eabi/lib/thumb/v7-m\libc.a(lib_a-memset.o)
                                                  c:/program files (x86)/atmel/studio/7.0/toolchain/arm/arm-gnu-toolchain/bin/../lib/gcc/arm-none-eabi/6.3.1/../../../../arm-none-eabi/lib/thumb/v7-m/crt0.o
pmc_clr_fast_startup_input                        src/ASF/sam/drivers/pmc/pmc.o
pmc_disable_all_pck                               src/ASF/sam/drivers/pmc/pmc.o
pmc_disable_all_periph_clk                        src/ASF/sam/drivers/pmc/pmc.o
pmc_disable_clock_failure_detector                src/ASF/sam/drivers/pmc/pmc.o
pmc_disable_interrupt                             src/ASF/sam/drivers/pmc/pmc.o
pmc_disable_pck                                   src/ASF/sam/drivers/pmc/pmc.o
pmc_disable_periph_clk                            src/ASF/sam/drivers/pmc/pmc.o
pmc_disable_pllack                                src/ASF/sam/drivers/pmc/pmc.o
                                                  src/ASF/sam/drivers/pmc/sleep.o
                                                  src/ASF/common/services/clock/sam3x/sysclk.o
pmc_disable_udpck                                 src/ASF/sam/drivers/pmc/pmc.o
                                                  src/ASF/common/services/clock/sam3x/sysclk.o
pmc_disable_upll_clock                            src/ASF/sam/drivers/pmc/pmc.o
                                                  src/ASF/sam/drivers/pmc/sleep.o
pmc_enable_all_pck                                src/ASF/sam/drivers/pmc/pmc.o
pmc_enable_all_periph_clk                         src/ASF/sam/drivers/pmc/pmc.o
pmc_enable_backupmode                             src/ASF/sam/drivers/pmc/pmc.o
pmc_enable_clock_failure_detector                 src/ASF/sam/drivers/pmc/pmc.o
pmc_enable_interrupt                              src/ASF/sam/drivers/pmc/pmc.o
pmc_enable_pck                                    src/ASF/sam/drivers/pmc/pmc.o
pmc_enable_periph_clk                             src/ASF/sam/drivers/pmc/pmc.o
                                                  src/main.o
pmc_enable_pllack                                 src/ASF/sam/drivers/pmc/pmc.o
pmc_enable_sleepmode                              src/ASF/sam/drivers/pmc/pmc.o
pmc_enable_udpck                                  src/ASF/sam/drivers/pmc/pmc.o
                                                  src/ASF/common/services/clock/sam3x/sysclk.o
pmc_enable_upll_clock                             src/ASF/sam/drivers/pmc/pmc.o
                                                  src/ASF/common/services/clock/sam3x/sysclk.o
pmc_enable_waitmode                               src/ASF/sam/drivers/pmc/pmc.o
                                                  src/ASF/sam/drivers/pmc/sleep.o
pmc_get_interrupt_mask                            src/ASF/sam/drivers/pmc/pmc.o
pmc_get_status                                    src/ASF/sam/drivers/pmc/pmc.o
pmc_get_writeprotect_status                       src/ASF/sam/drivers/pmc/pmc.o
pmc_is_locked_pllack                              src/ASF/sam/drivers/pmc/pmc.o
                                                  src/ASF/common/services/clock/sam3x/sysclk.o
pmc_is_locked_upll                                src/ASF/sam/drivers/pmc/pmc.o
pmc_is_pck_enabled                                src/ASF/sam/drivers/pmc/pmc.o
pmc_is_periph_clk_enabled                         src/ASF/sam/drivers/pmc/pmc.o
pmc_is_wakeup_clocks_restored                     src/ASF/sam/drivers/pmc/sleep.o
pmc_mainck_osc_select                             src/ASF/sam/drivers/pmc/pmc.o
pmc_mck_set_prescaler                             src/ASF/sam/drivers/pmc/pmc.o
                                                  src/ASF/common/services/clock/sam3x/sysclk.o
pmc_mck_set_source                                src/ASF/sam/drivers/pmc/pmc.o
                                                  src/ASF/common/services/clock/sam3x/sysclk.o
pmc_osc_bypass_main_xtal                          src/ASF/sam/drivers/pmc/pmc.o
pmc_osc_disable_fastrc                            src/ASF/sam/drivers/pmc/pmc.o
pmc_osc_disable_main_xtal                         src/ASF/sam/drivers/pmc/pmc.o
pmc_osc_disable_xtal                              src/ASF/sam/drivers/pmc/pmc.o
pmc_osc_enable_fastrc                             src/ASF/sam/drivers/pmc/pmc.o
pmc_osc_enable_main_xtal                          src/ASF/sam/drivers/pmc/pmc.o
pmc_osc_is_bypassed_main_xtal                     src/ASF/sam/drivers/pmc/pmc.o
pmc_osc_is_ready_32kxtal                          src/ASF/sam/drivers/pmc/pmc.o
pmc_osc_is_ready_fastrc                           src/ASF/sam/drivers/pmc/pmc.o
pmc_osc_is_ready_main_xtal                        src/ASF/sam/drivers/pmc/pmc.o
pmc_osc_is_ready_mainck                           src/ASF/sam/drivers/pmc/pmc.o
                                                  src/ASF/common/services/clock/sam3x/sysclk.o
pmc_pck_set_prescaler                             src/ASF/sam/drivers/pmc/pmc.o
pmc_pck_set_source                                src/ASF/sam/drivers/pmc/pmc.o
pmc_set_fast_startup_input                        src/ASF/sam/drivers/pmc/pmc.o
pmc_set_writeprotect                              src/ASF/sam/drivers/pmc/pmc.o
pmc_sleep                                         src/ASF/sam/drivers/pmc/sleep.o
pmc_switch_mainck_to_fastrc                       src/ASF/sam/drivers/pmc/pmc.o
pmc_switch_mainck_to_xtal                         src/ASF/sam/drivers/pmc/pmc.o
                                                  src/ASF/common/services/clock/sam3x/sysclk.o
pmc_switch_mck_to_mainck                          src/ASF/sam/drivers/pmc/pmc.o
pmc_switch_mck_to_pllack                          src/ASF/sam/drivers/pmc/pmc.o
                                                  src/ASF/common/services/clock/sam3x/sysclk.o
pmc_switch_mck_to_sclk                            src/ASF/sam/drivers/pmc/pmc.o
pmc_switch_mck_to_upllck                          src/ASF/sam/drivers/pmc/pmc.o
pmc_switch_pck_to_mainck                          src/ASF/sam/drivers/pmc/pmc.o
pmc_switch_pck_to_mck                             src/ASF/sam/drivers/pmc/pmc.o
pmc_switch_pck_to_pllack                          src/ASF/sam/drivers/pmc/pmc.o
pmc_switch_pck_to_sclk                            src/ASF/sam/drivers/pmc/pmc.o
pmc_switch_pck_to_upllck                          src/ASF/sam/drivers/pmc/pmc.o
pmc_switch_sclk_to_32kxtal                        src/ASF/sam/drivers/pmc/pmc.o
pmc_switch_udpck_to_pllack                        src/ASF/sam/drivers/pmc/pmc.o
pmc_switch_udpck_to_upllck                        src/ASF/sam/drivers/pmc/pmc.o
                                                  src/ASF/common/services/clock/sam3x/sysclk.o
pmc_wait_wakeup_clocks_restore                    src/ASF/sam/drivers/pmc/sleep.o
portable_delay_cycles                             src/ASF/common/services/delay/sam/cycle_counter.o
                                                  src/main.o
software_init_hook                                c:/program files (x86)/atmel/studio/7.0/toolchain/arm/arm-gnu-toolchain/bin/../lib/gcc/arm-none-eabi/6.3.1/../../../../arm-none-eabi/lib/thumb/v7-m/crt0.o
sysclk_disable_usb                                src/ASF/common/services/clock/sam3x/sysclk.o
sysclk_enable_usb                                 src/ASF/common/services/clock/sam3x/sysclk.o
sysclk_init                                       src/ASF/common/services/clock/sam3x/sysclk.o
                                                  src/main.o
sysclk_set_prescalers                             src/ASF/common/services/clock/sam3x/sysclk.o
sysclk_set_source                                 src/ASF/common/services/clock/sam3x/sysclk.o
system_init_flash                                 src/ASF/sam/utils/cmsis/sam3x/source/templates/system_sam3x.o
                                                  src/ASF/common/services/clock/sam3x/sysclk.o
